[2026-09-06T07:33:52.243Z][INFO] Command-line: 'C:\\Program Files\\Unity\\Hub\\Editor\\6000.5.8f1\\Editor\\Data\\Resources\\PackageManager\\Server\\UnityPackageManager.exe' server -s 10256 --ipc-path Unity-Upm-10256 -l 2 --log-file C:\\Users\\Admin\\MonHoc\\IUH_Campus/Logs/upm.log
[2026-09-06T07:33:52.285Z][INFO] IPC server started (IPC path=Unity-Upm-10256).
[2026-09-06T07:33:52.286Z][INFO] Hint: To connect to this UPM instance, launch Unity with the command-line parameter -upmIpcPath Upm-10256.
[2026-09-06T07:34:06.337Z][INFO] project:list-packages <-- Request received
params: {}
[2026-09-06T07:34:06.516Z][INFO] config:project:get-registries <-- Request received
params: {}
[2026-09-06T07:34:06.534Z][INFO] project:list-packages <-- Request received
params: {}
[2026-09-06T07:34:06.995Z][INFO] config:project:get-registries --> 200 (479 ms)
[2026-09-06T07:34:07.198Z][INFO] project:list-packages --> 200 (861 ms)
[2026-09-06T07:34:07.203Z][INFO] project:list-packages --> 200 (669 ms)
[2026-09-06T07:34:24.461Z][INFO] project:list-packages <-- Request received
params: {}
[2026-09-06T07:34:24.489Z][INFO] project:list-packages <-- Request received
params: {}
[2026-09-06T07:34:24.692Z][INFO] project:list-packages --> 200 (231 ms)
[2026-09-06T07:34:24.718Z][INFO] project:list-packages --> 200 (229 ms)
[2026-09-06T07:34:27.389Z][INFO] project:list-packages <-- Request received
params: {}
[2026-09-06T07:34:27.550Z][INFO] project:list-packages --> 200 (161 ms)
[2026-09-06T07:34:27.730Z][INFO] config:project:get-registries <-- Request received
params: {}
[2026-09-06T07:34:27.733Z][INFO] config:project:get-registries --> 200 (3 ms)
[2026-09-06T07:34:31.687Z][INFO] project:list-packages <-- Request received
params: {}
[2026-09-06T07:34:31.854Z][INFO] project:list-packages --> 200 (166 ms)
[2026-09-06T07:34:35.958Z][INFO] project:list-packages <-- Request received
params: {}
[2026-09-06T07:34:40.088Z][INFO] project:list-packages --> 200 (4130 ms)
[2026-09-06T07:45:17.656Z][INFO] project:list-packages <-- Request received
params: {}
[2026-09-06T07:45:17.670Z][INFO] packages:get-all-packageinfo <-- Request received
params: {}
[2026-09-06T07:45:17.681Z][INFO] packages:get-all-packageinfo <-- Request received
params: {}
[2026-09-06T07:45:17.696Z][INFO] project:list-packages <-- Request received
params: {}
[2026-09-06T07:45:18.960Z][INFO] packages:get-all-packageinfo --> 200 (1279 ms)
[2026-09-06T07:45:21.297Z][INFO] packages:get-packageinfo <-- Request received
params: {
  "packageId": "com.unity.addressables@2.9.1"
}
[2026-09-06T07:45:21.312Z][INFO] packages:get-packageinfo <-- Request received
params: {
  "packageId": "com.unity.ads.ios-support@1.0.1"
}
[2026-09-06T07:45:21.323Z][INFO] packages:get-packageinfo <-- Request received
params: {
  "packageId": "com.unity.learn.iet-framework@5.0.4"
}
[2026-09-06T07:45:21.338Z][INFO] packages:get-packageinfo <-- Request received
params: {
  "packageId": "com.unity.learn.iet-framework.authoring@1.5.4"
}
[2026-09-06T07:45:21.351Z][INFO] packages:get-packageinfo <-- Request received
params: {
  "packageId": "com.unity.scriptablebuildpipeline@2.6.1"
}
[2026-09-06T07:45:21.361Z][INFO] packages:get-packageinfo <-- Request received
params: {
  "packageId": "com.unity.services.friends@1.1.1"
}
[2026-09-06T07:45:21.385Z][INFO] packages:get-packageinfo <-- Request received
params: {
  "packageId": "com.unity.services.moderation@1.0.2"
}
[2026-09-06T07:45:21.388Z][INFO] packages:get-packageinfo <-- Request received
params: {
  "packageId": "com.unity.xr.androidxr-openxr@1.3.1"
}
[2026-09-06T07:45:21.411Z][INFO] packages:get-packageinfo <-- Request received
params: {
  "packageId": "com.unity.xr.arcore@6.5.0"
}
[2026-09-06T07:45:21.412Z][INFO] packages:get-packageinfo <-- Request received
params: {
  "packageId": "com.unity.xr.arfoundation@6.5.0"
}
[2026-09-06T07:45:21.429Z][INFO] packages:get-packageinfo <-- Request received
params: {
  "packageId": "com.unity.xr.arkit@6.5.0"
}
[2026-09-06T07:45:21.430Z][INFO] packages:get-packageinfo <-- Request received
params: {
  "packageId": "com.unity.xr.hands@1.8.1"
}
[2026-09-06T07:45:21.448Z][INFO] packages:get-packageinfo <-- Request received
params: {
  "packageId": "com.unity.xr.interaction.toolkit@3.5.1"
}
[2026-09-06T07:45:21.448Z][INFO] packages:get-packageinfo <-- Request received
params: {
  "packageId": "com.unity.xr.management@4.5.4"
}
[2026-09-06T07:45:21.465Z][INFO] packages:get-packageinfo <-- Request received
params: {
  "packageId": "com.unity.xr.meta-openxr@2.5.1"
}
[2026-09-06T07:45:21.483Z][INFO] packages:get-packageinfo <-- Request received
params: {
  "packageId": "com.unity.xr.openxr@1.17.1"
}
[2026-09-06T07:45:21.597Z][INFO] packages:get-packageinfo --> 200 (212 ms)
[2026-09-06T07:45:21.598Z][INFO] packages:get-packageinfo --> 200 (237 ms)
[2026-09-06T07:45:22.397Z][INFO] packages:get-packageinfo --> 200 (1085 ms)
[2026-09-06T07:45:22.542Z][INFO] packages:get-packageinfo --> 200 (1204 ms)
[2026-09-06T07:45:22.578Z][INFO] packages:get-packageinfo --> 200 (1255 ms)
[2026-09-06T07:45:23.254Z][INFO] packages:get-packageinfo --> 200 (1957 ms)
[2026-09-06T07:45:23.516Z][INFO] packages:get-packageinfo --> 200 (2128 ms)
[2026-09-06T07:45:23.975Z][INFO] packages:get-packageinfo --> 200 (2510 ms)
[2026-09-06T07:45:24.001Z][INFO] packages:get-packageinfo --> 200 (2571 ms)
[2026-09-06T07:45:24.028Z][INFO] packages:get-packageinfo --> 200 (2678 ms)
[2026-09-06T07:45:24.498Z][INFO] packages:get-packageinfo --> 200 (3050 ms)
[2026-09-06T07:45:24.538Z][INFO] packages:get-packageinfo --> 200 (3109 ms)
[2026-09-06T07:45:24.549Z][INFO] packages:get-packageinfo --> 200 (3137 ms)
[2026-09-06T07:45:24.995Z][INFO] packages:get-packageinfo --> 200 (3512 ms)
[2026-09-06T07:45:25.468Z][INFO] packages:get-packageinfo --> 200 (4057 ms)
[2026-09-06T07:45:25.594Z][INFO] packages:get-packageinfo --> 200 (4146 ms)
[2026-09-06T07:45:25.604Z][INFO] packages:get-all-packageinfo --> 200 (7934 ms)
[2026-09-06T07:45:25.791Z][INFO] packages:get-packageinfo <-- Request received
params: {
  "packageId": "com.unity.project-auditor-rules@1.0.3"
}
[2026-09-06T07:45:25.801Z][INFO] packages:get-packageinfo <-- Request received
params: {
  "packageId": "com.unity.scriptablebuildpipeline@2.6.2"
}
[2026-09-06T07:45:25.816Z][INFO] packages:get-packageinfo <-- Request received
params: {
  "packageId": "com.unity.xr.androidxr-openxr@1.3.2"
}
[2026-09-06T07:45:25.828Z][INFO] packages:get-packageinfo <-- Request received
params: {
  "packageId": "com.unity.xr.arcore@6.5.1"
}
[2026-09-06T07:45:25.840Z][INFO] packages:get-packageinfo <-- Request received
params: {
  "packageId": "com.unity.xr.arfoundation@6.5.1"
}
[2026-09-06T07:45:25.851Z][INFO] packages:get-packageinfo <-- Request received
params: {
  "packageId": "com.unity.xr.arkit@6.5.1"
}
[2026-09-06T07:45:25.873Z][INFO] project:list-packages --> 200 (8217 ms)
[2026-09-06T07:45:25.874Z][INFO] project:list-packages --> 200 (8178 ms)
[2026-09-06T07:45:25.881Z][INFO] packages:get-packageinfo --> 200 (90 ms)
[2026-09-06T07:45:25.886Z][INFO] packages:get-packageinfo --> 200 (84 ms)
[2026-09-06T07:45:25.900Z][INFO] packages:get-packageinfo --> 200 (84 ms)
[2026-09-06T07:45:25.903Z][INFO] packages:get-packageinfo --> 200 (75 ms)
[2026-09-06T07:45:25.913Z][INFO] packages:get-packageinfo --> 200 (73 ms)
[2026-09-06T07:45:25.917Z][INFO] packages:get-packageinfo --> 200 (66 ms)
[2026-09-06T07:50:25.935Z][INFO] project:update-dependencies <-- Request received
params: {}
[2026-09-06T07:50:25.956Z][INFO] project:update-dependencies --> 200 (21 ms)
[2026-09-06T07:50:26.041Z][INFO] project:update-dependencies <-- Request received
params: {}
[2026-09-06T07:50:26.051Z][INFO] project:update-dependencies --> 200 (10 ms)
[2026-09-06T07:50:28.154Z][INFO] project:resolve-packages <-- Request received
params: {}
[2026-09-06T07:50:34.194Z][WARN] Requested version [1.8.14] for package [com.unity.burst] overridden by minimum version [1.8.30].
[2026-09-06T07:50:34.194Z][WARN] Requested version [2.0.0] for package [com.unity.splines] overridden by minimum version [2.9.0].
[2026-09-06T07:50:34.194Z][WARN] Requested version [3.0.2] for package [com.unity.nuget.newtonsoft-json] overridden by minimum version [3.2.2].
[2026-09-06T07:50:34.194Z][WARN] Requested version [4.9.3] for package [com.unity.searcher] overridden by minimum version [4.9.5].
[2026-09-06T07:50:34.194Z][WARN] Requested version [3.2.0] for package [com.unity.test-framework.performance] overridden by minimum version [3.5.0].
[2026-09-06T07:50:34.194Z][WARN] Requested version [1.0.3] for package [com.unity.settings-manager] overridden by minimum version [2.1.1].
[2026-09-06T07:50:34.195Z][INFO] project:resolve-packages --> 200 (6041 ms)
[2026-09-06T07:50:37.958Z][INFO] config:project:get-registries <-- Request received
params: {}
[2026-09-06T07:50:37.961Z][INFO] config:project:get-registries --> 200 (3 ms)
[2026-09-06T07:50:37.971Z][INFO] project:list-packages <-- Request received
params: {}
[2026-09-06T07:50:38.861Z][INFO] project:list-packages --> 200 (890 ms)
[2026-09-06T07:50:56.298Z][INFO] project:list-packages <-- Request received
params: {}
[2026-09-06T07:50:56.326Z][INFO] project:list-packages <-- Request received
params: {}
[2026-09-06T07:50:56.534Z][INFO] project:list-packages --> 200 (236 ms)
[2026-09-06T07:50:56.554Z][INFO] project:list-packages --> 200 (228 ms)
[2026-09-06T07:50:56.620Z][INFO] project:list-packages <-- Request received
params: {}
[2026-09-06T07:50:56.637Z][INFO] project:list-packages <-- Request received
params: {}
[2026-09-06T07:50:56.807Z][INFO] project:list-packages --> 200 (187 ms)
[2026-09-06T07:50:56.833Z][INFO] project:list-packages --> 200 (196 ms)
[2026-09-06T07:50:56.915Z][INFO] config:project:get-registries <-- Request received
params: {}
[2026-09-06T07:50:56.918Z][INFO] config:project:get-registries --> 200 (3 ms)
[2026-09-06T07:51:08.753Z][INFO] project:list-packages <-- Request received
params: {}
[2026-09-06T07:51:08.893Z][INFO] project:list-packages --> 200 (140 ms)
[2026-09-06T08:00:18.188Z][INFO] project:list-packages <-- Request received
params: {}
[2026-09-06T08:00:18.301Z][INFO] project:list-packages --> 200 (113 ms)
[2026-09-06T08:00:18.446Z][INFO] project:list-packages <-- Request received
params: {}
[2026-09-06T08:00:18.456Z][INFO] project:list-packages <-- Request received
params: {}
[2026-09-06T08:00:18.647Z][INFO] project:list-packages --> 200 (201 ms)
[2026-09-06T08:00:18.661Z][INFO] project:list-packages --> 200 (205 ms)
[2026-09-06T08:00:18.738Z][INFO] config:project:get-registries <-- Request received
params: {}
[2026-09-06T08:00:18.741Z][INFO] config:project:get-registries --> 200 (3 ms)
[2026-09-06T08:24:45.598Z][INFO] project:list-packages <-- Request received
params: {}
[2026-09-06T08:24:45.707Z][INFO] project:list-packages --> 200 (109 ms)
[2026-09-06T08:24:45.866Z][INFO] project:list-packages <-- Request received
params: {}
[2026-09-06T08:24:45.876Z][INFO] project:list-packages <-- Request received
params: {}
[2026-09-06T08:24:46.087Z][INFO] project:list-packages --> 200 (221 ms)
[2026-09-06T08:24:46.088Z][INFO] project:list-packages --> 200 (212 ms)
[2026-09-06T08:24:46.148Z][INFO] config:project:get-registries <-- Request received
params: {}
[2026-09-06T08:24:46.151Z][INFO] config:project:get-registries --> 200 (3 ms)
[2026-09-06T08:26:18.847Z][INFO] project:list-packages <-- Request received
params: {}
[2026-09-06T08:26:23.324Z][INFO] project:list-packages --> 200 (4477 ms)
[2026-09-06T08:26:46.000Z][INFO] packages:get-packageinfo <-- Request received
params: {
  "packageId": "com.unity.memoryprofiler"
}
[2026-09-06T08:26:46.023Z][INFO] packages:get-packageinfo --> 200 (23 ms)
[2026-09-06T08:35:50.498Z][INFO] project:list-packages <-- Request received
params: {}
[2026-09-06T08:35:50.623Z][INFO] project:list-packages --> 200 (126 ms)
[2026-09-06T08:35:50.778Z][INFO] project:list-packages <-- Request received
params: {}
[2026-09-06T08:35:50.793Z][INFO] project:list-packages <-- Request received
params: {}
[2026-09-06T08:35:50.983Z][INFO] project:list-packages --> 200 (205 ms)
[2026-09-06T08:35:51.006Z][INFO] project:list-packages --> 200 (213 ms)
[2026-09-06T08:35:51.081Z][INFO] config:project:get-registries <-- Request received
params: {}
[2026-09-06T08:35:51.084Z][INFO] config:project:get-registries --> 200 (3 ms)
[2026-09-06T08:41:54.702Z][INFO] project:list-packages <-- Request received
params: {}
[2026-09-06T08:41:54.811Z][INFO] project:list-packages --> 200 (109 ms)
[2026-09-06T08:41:54.962Z][INFO] project:list-packages <-- Request received
params: {}
[2026-09-06T08:41:54.979Z][INFO] project:list-packages <-- Request received
params: {}
[2026-09-06T08:41:55.183Z][INFO] project:list-packages --> 200 (204 ms)
[2026-09-06T08:41:55.184Z][INFO] project:list-packages --> 200 (222 ms)
[2026-09-06T08:41:55.241Z][INFO] config:project:get-registries <-- Request received
params: {}
[2026-09-06T08:41:55.244Z][INFO] config:project:get-registries --> 200 (3 ms)
[2026-09-06T08:44:54.085Z][INFO] project:list-packages <-- Request received
params: {}
[2026-09-06T08:44:54.203Z][INFO] project:list-packages --> 200 (117 ms)
[2026-09-06T08:44:54.355Z][INFO] project:list-packages <-- Request received
params: {}
[2026-09-06T08:44:54.370Z][INFO] project:list-packages <-- Request received
params: {}
[2026-09-06T08:44:54.562Z][INFO] project:list-packages --> 200 (207 ms)
[2026-09-06T08:44:54.581Z][INFO] project:list-packages --> 200 (211 ms)
[2026-09-06T08:44:54.647Z][INFO] config:project:get-registries <-- Request received
params: {}
[2026-09-06T08:44:54.650Z][INFO] config:project:get-registries --> 200 (3 ms)
[2026-09-06T08:45:52.477Z][INFO] project:list-packages <-- Request received
params: {}
[2026-09-06T08:45:52.601Z][INFO] project:list-packages --> 200 (124 ms)
[2026-09-06T08:45:52.750Z][INFO] project:list-packages <-- Request received
params: {}
[2026-09-06T08:45:52.767Z][INFO] project:list-packages <-- Request received
params: {}
[2026-09-06T08:45:52.946Z][INFO] project:list-packages --> 200 (196 ms)
[2026-09-06T08:45:52.967Z][INFO] project:list-packages --> 200 (200 ms)
[2026-09-06T08:45:53.040Z][INFO] config:project:get-registries <-- Request received
params: {}
[2026-09-06T08:45:53.043Z][INFO] config:project:get-registries --> 200 (3 ms)
[2026-09-06T08:46:57.068Z][INFO] project:list-packages <-- Request received
params: {}
[2026-09-06T08:46:57.189Z][INFO] project:list-packages --> 200 (121 ms)
[2026-09-06T08:46:57.338Z][INFO] project:list-packages <-- Request received
params: {}
[2026-09-06T08:46:57.355Z][INFO] project:list-packages <-- Request received
params: {}
[2026-09-06T08:46:57.522Z][INFO] project:list-packages --> 200 (184 ms)
[2026-09-06T08:46:57.551Z][INFO] project:list-packages --> 200 (196 ms)
[2026-09-06T08:46:57.631Z][INFO] config:project:get-registries <-- Request received
params: {}
[2026-09-06T08:46:57.634Z][INFO] config:project:get-registries --> 200 (3 ms)
[2026-09-06T08:47:56.183Z][INFO] project:list-packages <-- Request received
params: {}
[2026-09-06T08:47:56.295Z][INFO] project:list-packages --> 200 (112 ms)
[2026-09-06T08:47:56.465Z][INFO] project:list-packages <-- Request received
params: {}
[2026-09-06T08:47:56.482Z][INFO] project:list-packages <-- Request received
params: {}
[2026-09-06T08:47:56.662Z][INFO] project:list-packages --> 200 (197 ms)
[2026-09-06T08:47:56.689Z][INFO] project:list-packages --> 200 (207 ms)
[2026-09-06T08:47:56.760Z][INFO] config:project:get-registries <-- Request received
params: {}
[2026-09-06T08:47:56.763Z][INFO] config:project:get-registries --> 200 (3 ms)
[2026-09-06T08:48:44.961Z][INFO] project:list-packages <-- Request received
params: {}
[2026-09-06T08:48:45.081Z][INFO] project:list-packages --> 200 (120 ms)
[2026-09-06T08:48:45.256Z][INFO] project:list-packages <-- Request received
params: {}
[2026-09-06T08:48:45.266Z][INFO] project:list-packages <-- Request received
params: {}
[2026-09-06T08:48:45.472Z][INFO] project:list-packages --> 200 (216 ms)
[2026-09-06T08:48:45.487Z][INFO] project:list-packages --> 200 (221 ms)
[2026-09-06T08:48:45.549Z][INFO] config:project:get-registries <-- Request received
params: {}
[2026-09-06T08:48:45.553Z][INFO] config:project:get-registries --> 200 (4 ms)
[2026-09-06T08:52:35.440Z][INFO] project:list-packages <-- Request received
params: {}
[2026-09-06T08:52:35.570Z][INFO] project:list-packages --> 200 (130 ms)
[2026-09-06T08:52:35.747Z][INFO] project:list-packages <-- Request received
params: {}
[2026-09-06T08:52:35.765Z][INFO] project:list-packages <-- Request received
params: {}
[2026-09-06T08:52:35.927Z][INFO] project:list-packages --> 200 (180 ms)
[2026-09-06T08:52:35.953Z][INFO] project:list-packages --> 200 (189 ms)
[2026-09-06T08:52:36.073Z][INFO] config:project:get-registries <-- Request received
params: {}
[2026-09-06T08:52:36.077Z][INFO] config:project:get-registries --> 200 (4 ms)
[2026-09-06T08:54:13.912Z][INFO] project:list-packages <-- Request received
params: {}
[2026-09-06T08:54:14.032Z][INFO] project:list-packages --> 200 (121 ms)
[2026-09-06T08:54:14.182Z][INFO] project:list-packages <-- Request received
params: {}
[2026-09-06T08:54:14.198Z][INFO] project:list-packages <-- Request received
params: {}
[2026-09-06T08:54:14.394Z][INFO] project:list-packages --> 200 (212 ms)
[2026-09-06T08:54:14.415Z][INFO] project:list-packages --> 200 (217 ms)
[2026-09-06T08:54:14.477Z][INFO] config:project:get-registries <-- Request received
params: {}
[2026-09-06T08:54:14.480Z][INFO] config:project:get-registries --> 200 (3 ms)
